#-----------------------------------------------------------
# PlanAhead v14.7
# Build 321239 by xbuild on Fri Sep 27 19:31:35 MDT 2013
# Start of session at: Mon Apr 11 15:53:21 2016
# Process ID: 14172
# Log file: C:/Users/ladyo/Documents/Xilinx/myVGA_/planAhead_run_2/planAhead.log
# Journal file: C:/Users/ladyo/Documents/Xilinx/myVGA_/planAhead_run_2/planAhead.jou
#-----------------------------------------------------------
start_gui
source C:/Users/ladyo/Documents/Xilinx/myVGA_/pa.fromHdl.tcl
update_compile_order -fileset sim_1
report_drc -name drc_1
report_drc -name drc_2 -rules {BIIVRC-1 BISLIM-1 BIVB-1 BIVC-1 BIVR-1 BIVRU-1 BIVT-1 DCIP-1 DCIP-2 DIFFISTD-1 DIFFISTDDrv-1 DIFFISTDSlew-1 VCCAUX1-1 VCCAUX1-2 CFGM-1 IVREF-1 IVREF-2 IVREF-3 VCCAUX-1 VCCOSENSEMODE-1 VCCOSENSEMODE-2 VCCOSENSEMODE-3 VCCOSENSEMODE-4 CHECK-1 InOutTerm-1 InOutTerm-2 InOutTerm-3 InOutTerm-4 InOutTerm-5 InOutTerm-6 InOutTerm-7 InOutTerm-8 InOutTerm-9 InOutTerm-10 IOBUSSLRC-1 IOCNT-1 IOCNT-2 IOCTMGT-1 IODI-1 IODIR-1 IOPCBUFG-1 IOPCMGT-1 IOPCPR-1 IOPCPR-2 IOPCSLR-1 IOPL-1 IOPL-2 IOPL-3 IOPL-4 IOPL-5 IOPL-6 IOSR-1 IOSTDTYPE-1 LVDS-1 PORTPROP-1 PORTPROP-3 PORTPROP-4 PORTPROP-5 PORTPROP-2 LHNM-1 LOCE-1 LTNM-1}
reset_drc -name drc_1
reset_drc -name drc_2
report_drc -name drc_1 -rules {InOutTerm-1 InOutTerm-2 InOutTerm-3 InOutTerm-4 InOutTerm-5 InOutTerm-6 InOutTerm-7 InOutTerm-8 InOutTerm-9 InOutTerm-10 IOBUSSLRC-1 IOCNT-1 IOCNT-2 IOCTMGT-1 IODI-1 IODIR-1 IOPCBUFG-1 IOPCMGT-1 IOPCPR-1 IOPCPR-2 IOPCSLR-1 IOPL-1 IOPL-2 IOPL-3 IOPL-4 IOPL-5 IOPL-6 IOSR-1 IOSTDTYPE-1 LVDS-1 PORTPROP-1 PORTPROP-3 PORTPROP-4 PORTPROP-5 PORTPROP-2}
report_drc -name drc_2 -rules {BIIVRC-1 BISLIM-1 BIVB-1 BIVC-1 BIVR-1 BIVRU-1 BIVT-1 DCIP-1 DCIP-2 DIFFISTD-1 DIFFISTDDrv-1 DIFFISTDSlew-1 VCCAUX1-1 VCCAUX1-2 CFGM-1 IVREF-1 IVREF-2 IVREF-3 VCCAUX-1 VCCOSENSEMODE-1 VCCOSENSEMODE-2 VCCOSENSEMODE-3 VCCOSENSEMODE-4}
report_drc -name drc_3 -rules CHECK-1
report_drc -name drc_4 -rules {LHNM-1 LOCE-1 LTNM-1}
report_drc -name drc_5 -rules {RPBX-1 RPCL-1 RPIP-1 RPLD-1 RPPR-1 RPWL-1 RPDS-1 RPRC-1 RPRM-1 RPRS-1}
report_drc -name drc_6 -rules {LHNM-1 LOCE-1 LTNM-1}
